11:35:53 **** Incremental Build of configuration AN1174_154_EndD_JN5168 for project App-Template ****
make clean JENNIC_CHIP=JN5168 all 
rm -f AppQueueApi.o
rm -f AN1174_154_EndD.o
rm -f AN1174_154_EndD.o AppQueueApi.o AN1174_154_EndD.d AppQueueApi.d AN1174_154_EndD_JN5168*.bin AN1174_154_EndD_JN5168*.elf AN1174_154_EndD_JN5168*.map
Compiling /c/NXP/bstudio_nxp/workspace/App-Template/AN1174_154_EndD/Source/AN1174_154_EndD.c ...
/c/NXP/bstudio_nxp/sdk/JN-SW-4163/../Tools/ba-elf-ba2-r36379/bin/ba-elf-gcc -c -o AN1174_154_EndD.o -DJN516x=5160 -DJN5168=5168 -DJENNIC_CHIP_NAME=_JN5168 -DJENNIC_CHIP_FAMILY_NAME=_JN516x -march=ba2 -mcpu=jn51xx -mredzone-size=4 -mbranch-cost=3 -fomit-frame-pointer -Os -fshort-enums -Wall  -Wpacked -Wcast-align -fdata-sections -ffunction-sections -flto  -DWATCHDOG_ENABLED -DJENNIC_HW_BBC_RXINCCA=1 -DJENNIC_HW_BBC_DMA=1 -DJENNIC_HW_BBC_ISA=0 -DJENNIC_SW_EXTERNAL_FLASH=0 -DJN516X_DMA_UART_BACKWARDS_COMPATIBLE_API=1 -DUART_BACKWARDS_COMPATIBLE_API=1 -DJENNIC_CHIP=JN5168 -DJENNIC_CHIP_JN5168 -DJENNIC_CHIP_FAMILY=JN516x -DJENNIC_CHIP_FAMILY_JN516x -DJENNIC_STACK_MAC -DJENNIC_MAC_MAC -Wall -Wunreachable-code -DEMBEDDED -I/c/NXP/bstudio_nxp/sdk/JN-SW-4163/Platform/Common/Include -DJENNIC_PCB=DEVKIT4 -DJENNIC_PCB_DEVKIT4 -I/c/NXP/bstudio_nxp/sdk/JN-SW-4163/Platform/DK4/Include -I/c/NXP/bstudio_nxp/sdk/JN-SW-4163/Components/Common/Include -I/c/NXP/bstudio_nxp/workspace/App-Template/AN1174_154_EndD/Source -I/c/NXP/bstudio_nxp/workspace/App-Template/AN1174_154_EndD/Source/.. -I/c/NXP/bstudio_nxp/workspace/App-Template/Common/Source -I/c/NXP/bstudio_nxp/sdk/JN-SW-4163/Components/JennicLogo/Include -I/c/NXP/bstudio_nxp/sdk/JN-SW-4163/Components/Utilities/Include -I/c/NXP/bstudio_nxp/sdk/JN-SW-4163/Components/AppQueueApi/Include  -I/c/NXP/bstudio_nxp/sdk/JN-SW-4163/Components/AppApi/Include -I/c/NXP/bstudio_nxp/sdk/JN-SW-4163/Components/MAC/Include -I/c/NXP/bstudio_nxp/sdk/JN-SW-4163/Components/MMAC/Include -I/c/NXP/bstudio_nxp/sdk/JN-SW-4163/Components/HardwareApi/Include -I/c/NXP/bstudio_nxp/sdk/JN-SW-4163/Components/Aes/Include -I/c/NXP/bstudio_nxp/sdk/JN-SW-4163/Components/DBG/Include -I/c/NXP/bstudio_nxp/sdk/JN-SW-4163/Components/MAC/Include -I/c/NXP/bstudio_nxp/sdk/JN-SW-4163/Components/TimerServer/Include -I/c/NXP/bstudio_nxp/sdk/JN-SW-4163/Components/PDM/Include  /c/NXP/bstudio_nxp/workspace/App-Template/AN1174_154_EndD/Source/AN1174_154_EndD.c -MD -MF AN1174_154_EndD.d -MP
c:/NXP/bstudio_nxp/workspace/App-Template/AN1174_154_EndD/Source/AN1174_154_EndD.c:582:14: warning: 'vTransmitDataPacket' defined but not used [-Wunused-function]

Compiling /c/NXP/bstudio_nxp/sdk/JN-SW-4163/Components/AppQueueApi/Source/AppQueueApi.c ...
/c/NXP/bstudio_nxp/sdk/JN-SW-4163/../Tools/ba-elf-ba2-r36379/bin/ba-elf-gcc -c -o AppQueueApi.o -DJN516x=5160 -DJN5168=5168 -DJENNIC_CHIP_NAME=_JN5168 -DJENNIC_CHIP_FAMILY_NAME=_JN516x -march=ba2 -mcpu=jn51xx -mredzone-size=4 -mbranch-cost=3 -fomit-frame-pointer -Os -fshort-enums -Wall  -Wpacked -Wcast-align -fdata-sections -ffunction-sections -flto  -DWATCHDOG_ENABLED -DJENNIC_HW_BBC_RXINCCA=1 -DJENNIC_HW_BBC_DMA=1 -DJENNIC_HW_BBC_ISA=0 -DJENNIC_SW_EXTERNAL_FLASH=0 -DJN516X_DMA_UART_BACKWARDS_COMPATIBLE_API=1 -DUART_BACKWARDS_COMPATIBLE_API=1 -DJENNIC_CHIP=JN5168 -DJENNIC_CHIP_JN5168 -DJENNIC_CHIP_FAMILY=JN516x -DJENNIC_CHIP_FAMILY_JN516x -DJENNIC_STACK_MAC -DJENNIC_MAC_MAC -Wall -Wunreachable-code -DEMBEDDED -I/c/NXP/bstudio_nxp/sdk/JN-SW-4163/Platform/Common/Include -DJENNIC_PCB=DEVKIT4 -DJENNIC_PCB_DEVKIT4 -I/c/NXP/bstudio_nxp/sdk/JN-SW-4163/Platform/DK4/Include -I/c/NXP/bstudio_nxp/sdk/JN-SW-4163/Components/Common/Include -I/c/NXP/bstudio_nxp/workspace/App-Template/AN1174_154_EndD/Source -I/c/NXP/bstudio_nxp/workspace/App-Template/AN1174_154_EndD/Source/.. -I/c/NXP/bstudio_nxp/workspace/App-Template/Common/Source -I/c/NXP/bstudio_nxp/sdk/JN-SW-4163/Components/JennicLogo/Include -I/c/NXP/bstudio_nxp/sdk/JN-SW-4163/Components/Utilities/Include -I/c/NXP/bstudio_nxp/sdk/JN-SW-4163/Components/AppQueueApi/Include  -I/c/NXP/bstudio_nxp/sdk/JN-SW-4163/Components/AppApi/Include -I/c/NXP/bstudio_nxp/sdk/JN-SW-4163/Components/MAC/Include -I/c/NXP/bstudio_nxp/sdk/JN-SW-4163/Components/MMAC/Include -I/c/NXP/bstudio_nxp/sdk/JN-SW-4163/Components/HardwareApi/Include -I/c/NXP/bstudio_nxp/sdk/JN-SW-4163/Components/Aes/Include -I/c/NXP/bstudio_nxp/sdk/JN-SW-4163/Components/DBG/Include -I/c/NXP/bstudio_nxp/sdk/JN-SW-4163/Components/MAC/Include -I/c/NXP/bstudio_nxp/sdk/JN-SW-4163/Components/TimerServer/Include -I/c/NXP/bstudio_nxp/sdk/JN-SW-4163/Components/PDM/Include  /c/NXP/bstudio_nxp/sdk/JN-SW-4163/Components/AppQueueApi/Source/AppQueueApi.c -MD -MF AppQueueApi.d -MP

Linking AN1174_154_EndD_JN5168.elf ...
/c/NXP/bstudio_nxp/sdk/JN-SW-4163/../Tools/ba-elf-ba2-r36379/bin/ba-elf-gcc -Wl,--gc-sections -Wl,-u_AppColdStart -Wl,-u_AppWarmStart -TApp_Stack_Size.ld -march=ba2 -mcpu=jn51xx -mredzone-size=4 -mbranch-cost=3 -fomit-frame-pointer -Os -fshort-enums -flto  -nostartfiles -L/c/NXP/bstudio_nxp/sdk/JN-SW-4163/Chip/JN5168/Build -L/c/NXP/bstudio_nxp/sdk/JN-SW-4163/Chip/JN5168/Library -L/c/NXP/bstudio_nxp/sdk/JN-SW-4163/Platform/DK4/Library -L/c/NXP/bstudio_nxp/sdk/JN-SW-4163/Components/Library -L/c/NXP/bstudio_nxp/sdk/JN-SW-4163/Stack/MAC/Build -TAppBuildMac.ld -o AN1174_154_EndD_JN5168.elf AN1174_154_EndD.o AppQueueApi.o -Wl,--start-group  -lAppApi_JN516x -lMAC_JN516x -lTimerServer_JN516x -lTOF_JN516x -lXcv_JN516x -lAes_JN516x -lHardwareApi_JN516x -lMicroSpecific_JN516x -lBoot_JN516x -lPDM_EEPROM_JN516x_NO_RTOS -lBoardLib_JN516x -Wl,--end-group -Wl,-Map,AN1174_154_EndD_JN5168.map 
/c/NXP/bstudio_nxp/sdk/JN-SW-4163/../Tools/ba-elf-ba2-r36379/bin/ba-elf-size AN1174_154_EndD_JN5168.elf
   text	   data	    bss	    dec	    hex	filename
  27302	    100	   8423	  35825	   8bf1	AN1174_154_EndD_JN5168.elf

Generating binary ...
/c/NXP/bstudio_nxp/sdk/JN-SW-4163/../Tools/ba-elf-ba2-r36379/bin/ba-elf-objcopy -S -O binary AN1174_154_EndD_JN5168.elf AN1174_154_EndD_JN5168.bin

11:35:56 Build Finished (took 2s.884ms)

